
> samarth-frontend@1.0.0 dev
> vite


  [32m[1mVITE[22m v5.4.21[39m  [2mready in [0m[1m325[22m[2m[0m ms[22m

  [32m➜[39m  [1mLocal[22m:   [36mhttp://localhost:[1m5173[22m/[39m
[2m  [32m➜[39m  [1mNetwork[22m[2m: use [22m[1m--host[22m[2m to expose[22m
[2m1:43:25 pm[22m [36m[1m[vite][22m[39m [32mhmr update [39m[2m/src/pages/auth/RegisterPage.tsx, /src/styles/globals.css[22m
[2m1:50:46 pm[22m [36m[1m[vite][22m[39m [32mhmr update [39m[2m/src/pages/auth/LoginPage.tsx, /src/styles/globals.css[22m
[2m1:50:58 pm[22m [36m[1m[vite][22m[39m [32mhmr update [39m[2m/src/pages/auth/LoginPage.tsx, /src/styles/globals.css[22m
[2m1:51:06 pm[22m [36m[1m[vite][22m[39m [32mhmr update [39m[2m/src/pages/auth/LoginPage.tsx, /src/styles/globals.css[22m
[2m1:51:17 pm[22m [36m[1m[vite][22m[39m [32mhmr update [39m[2m/src/pages/auth/RegisterPage.tsx, /src/styles/globals.css[22m
[2m1:51:31 pm[22m [36m[1m[vite][22m[39m [32mhmr update [39m[2m/src/pages/auth/RegisterPage.tsx, /src/styles/globals.css[22m
[2m1:51:43 pm[22m [36m[1m[vite][22m[39m [32mhmr update [39m[2m/src/pages/auth/RegisterPage.tsx, /src/styles/globals.css[22m
[2m2:21:58 pm[22m [36m[1m[vite][22m[39m [32mhmr update [39m[2m/src/components/Layout.tsx, /src/styles/globals.css[22m
[2m2:22:02 pm[22m [36m[1m[vite][22m[39m [32mhmr update [39m[2m/src/pages/patient/PatientDashboard.tsx, /src/styles/globals.css[22m
[2m2:22:06 pm[22m [36m[1m[vite][22m[39m [32mhmr update [39m[2m/src/pages/patient/SessionSummaryPage.tsx, /src/styles/globals.css[22m
[2m2:22:10 pm[22m [36m[1m[vite][22m[39m [32mhmr update [39m[2m/src/styles/globals.css, /src/pages/patient/SessionSummaryPage.tsx, /src/pages/auth/RegisterPage.tsx, /src/pages/patient/UploadSessionPage.tsx, /src/pages/patient/ReportsPage.tsx, /src/pages/auth/LoginPage.tsx, /src/pages/patient/AnalyticsPage.tsx, /src/pages/therapist/PatientDetailPage.tsx, /src/pages/patient/LiveSessionPage.tsx, /src/pages/therapist/TherapistDashboard.tsx, /src/pages/patient/ExerciseSelectionPage.tsx, /src/pages/patient/PatientDashboard.tsx[22m
[2m2:22:16 pm[22m [36m[1m[vite][22m[39m [32mhmr update [39m[2m/src/pages/patient/ReportsPage.tsx, /src/styles/globals.css[22m
[2m3:07:20 pm[22m [36m[1m[vite][22m[39m [32mhmr update [39m[2m/src/components/Layout.tsx, /src/styles/globals.css[22m
[2m3:19:30 pm[22m [36m[1m[vite][22m[39m [32mhmr update [39m[2m/src/styles/globals.css, /src/pages/patient/SessionSummaryPage.tsx, /src/pages/auth/RegisterPage.tsx, /src/pages/patient/UploadSessionPage.tsx, /src/pages/patient/ReportsPage.tsx, /src/pages/auth/LoginPage.tsx, /src/pages/patient/AnalyticsPage.tsx, /src/pages/therapist/PatientDetailPage.tsx, /src/pages/patient/LiveSessionPage.tsx, /src/pages/therapist/TherapistDashboard.tsx, /src/pages/patient/ExerciseSelectionPage.tsx, /src/pages/patient/PatientDashboard.tsx[22m
[2m3:20:27 pm[22m [36m[1m[vite][22m[39m [32mhmr update [39m[2m/src/pages/patient/UploadSessionPage.tsx, /src/styles/globals.css[22m
[2m3:52:25 pm[22m [36m[1m[vite][22m[39m [32mhmr update [39m[2m/src/components/Layout.tsx, /src/styles/globals.css[22m
[2m4:07:41 pm[22m [36m[1m[vite][22m[39m [32mhmr update [39m[2m/src/pages/patient/ExerciseSelectionPage.tsx, /src/styles/globals.css[22m
[2m4:07:43 pm[22m [36m[1m[vite][22m[39m [32mhmr update [39m[2m/src/pages/patient/ExerciseSelectionPage.tsx, /src/styles/globals.css[22m
[2m4:07:50 pm[22m [36m[1m[vite][22m[39m [32mhmr update [39m[2m/src/pages/patient/ExerciseSelectionPage.tsx, /src/styles/globals.css[22m
